Archive member included to satisfy reference by file (symbol)

c:/program files (x86)/gnu arm embedded toolchain/10 2021.10/bin/../lib/gcc/arm-none-eabi/10.3.1/../../../../arm-none-eabi/lib/thumb/v6-m/nofp\libc.a(lib_a-memcpy-stub.o)
                              ./generate/Device/startup_RE01_256KB.o (memcpy)
c:/program files (x86)/gnu arm embedded toolchain/10 2021.10/bin/../lib/gcc/arm-none-eabi/10.3.1/../../../../arm-none-eabi/lib/thumb/v6-m/nofp\libc.a(lib_a-memset.o)
                              ./generate/Device/startup_RE01_256KB.o (memset)

Discarded input sections

 .text          0x00000000        0x0 ./src/renesas_ai.o
 .data          0x00000000        0x0 ./src/renesas_ai.o
 .bss           0x00000000        0x0 ./src/renesas_ai.o
 .text          0x00000000        0x0 ./generate/Device/startup_RE01_256KB.o
 .data          0x00000000        0x0 ./generate/Device/startup_RE01_256KB.o
 .bss           0x00000000        0x0 ./generate/Device/startup_RE01_256KB.o
 .text          0x00000000        0x0 ./generate/Device/system_RE01_256KB.o
 .data          0x00000000        0x0 ./generate/Device/system_RE01_256KB.o
 .bss           0x00000000        0x0 ./generate/Device/system_RE01_256KB.o
 .text.SystemCoreClockUpdate
                0x00000000       0x10 ./generate/Device/system_RE01_256KB.o
 .data.SystemCoreClock
                0x00000000        0x4 ./generate/Device/system_RE01_256KB.o
 .data          0x00000000        0x0 c:/program files (x86)/gnu arm embedded toolchain/10 2021.10/bin/../lib/gcc/arm-none-eabi/10.3.1/../../../../arm-none-eabi/lib/thumb/v6-m/nofp\libc.a(lib_a-memcpy-stub.o)
 .bss           0x00000000        0x0 c:/program files (x86)/gnu arm embedded toolchain/10 2021.10/bin/../lib/gcc/arm-none-eabi/10.3.1/../../../../arm-none-eabi/lib/thumb/v6-m/nofp\libc.a(lib_a-memcpy-stub.o)
 .data          0x00000000        0x0 c:/program files (x86)/gnu arm embedded toolchain/10 2021.10/bin/../lib/gcc/arm-none-eabi/10.3.1/../../../../arm-none-eabi/lib/thumb/v6-m/nofp\libc.a(lib_a-memset.o)
 .bss           0x00000000        0x0 c:/program files (x86)/gnu arm embedded toolchain/10 2021.10/bin/../lib/gcc/arm-none-eabi/10.3.1/../../../../arm-none-eabi/lib/thumb/v6-m/nofp\libc.a(lib_a-memset.o)

Memory Configuration

Name             Origin             Length             Attributes
FLASH            0x00000000         0x00040000         xr
OFS              0x0100a150         0x00000018         xr
E2S_TRACE_BUF    0x20000000         0x00000400         rw
RAM              0x20000400         0x0001fc00         xrw
QSPI_FLASH       0x60000000         0x08000000         xr
*default*        0x00000000         0xffffffff

Linker script and memory map

LOAD ./src/renesas_ai.o
LOAD ./generate/Device/startup_RE01_256KB.o
LOAD ./generate/Device/system_RE01_256KB.o
START GROUP
LOAD c:/program files (x86)/gnu arm embedded toolchain/10 2021.10/bin/../lib/gcc/arm-none-eabi/10.3.1/../../../../arm-none-eabi/lib/thumb/v6-m/nofp\libm.a
LOAD c:/program files (x86)/gnu arm embedded toolchain/10 2021.10/bin/../lib/gcc/arm-none-eabi/10.3.1/../../../../arm-none-eabi/lib/thumb/v6-m/nofp\libc.a
LOAD c:/program files (x86)/gnu arm embedded toolchain/10 2021.10/bin/../lib/gcc/arm-none-eabi/10.3.1/thumb/v6-m/nofp\libgcc.a
END GROUP
START GROUP
LOAD c:/program files (x86)/gnu arm embedded toolchain/10 2021.10/bin/../lib/gcc/arm-none-eabi/10.3.1/thumb/v6-m/nofp\libgcc.a
LOAD c:/program files (x86)/gnu arm embedded toolchain/10 2021.10/bin/../lib/gcc/arm-none-eabi/10.3.1/../../../../arm-none-eabi/lib/thumb/v6-m/nofp\libg.a
LOAD c:/program files (x86)/gnu arm embedded toolchain/10 2021.10/bin/../lib/gcc/arm-none-eabi/10.3.1/../../../../arm-none-eabi/lib/thumb/v6-m/nofp\libc.a
END GROUP
START GROUP
LOAD c:/program files (x86)/gnu arm embedded toolchain/10 2021.10/bin/../lib/gcc/arm-none-eabi/10.3.1/thumb/v6-m/nofp\libgcc.a
LOAD c:/program files (x86)/gnu arm embedded toolchain/10 2021.10/bin/../lib/gcc/arm-none-eabi/10.3.1/../../../../arm-none-eabi/lib/thumb/v6-m/nofp\libc.a
LOAD c:/program files (x86)/gnu arm embedded toolchain/10 2021.10/bin/../lib/gcc/arm-none-eabi/10.3.1/../../../../arm-none-eabi/lib/thumb/v6-m/nofp\librdimon.a
END GROUP
START GROUP
LOAD c:/program files (x86)/gnu arm embedded toolchain/10 2021.10/bin/../lib/gcc/arm-none-eabi/10.3.1/thumb/v6-m/nofp\libgcc.a
LOAD c:/program files (x86)/gnu arm embedded toolchain/10 2021.10/bin/../lib/gcc/arm-none-eabi/10.3.1/../../../../arm-none-eabi/lib/thumb/v6-m/nofp\libc.a
LOAD c:/program files (x86)/gnu arm embedded toolchain/10 2021.10/bin/../lib/gcc/arm-none-eabi/10.3.1/../../../../arm-none-eabi/lib/thumb/v6-m/nofp\libm.a
LOAD c:/program files (x86)/gnu arm embedded toolchain/10 2021.10/bin/../lib/gcc/arm-none-eabi/10.3.1/../../../../arm-none-eabi/lib/thumb/v6-m/nofp\libnosys.a
END GROUP

.text           0x00000000      0x660
                0x00000000                __Vectors_Start = .
 *(.intvec)
 .intvec        0x00000000       0xc0 ./generate/Device/startup_RE01_256KB.o
                0x00000000                __vector_table
 *(SORT_BY_NAME(.intvec.*))
                0x000000c0                __Vectors_End = .
                0x20000950                __end__ = .
                0x00000400                . = 0x400
 *fill*         0x000000c0      0x340 ff
                0x00000400                __OptionSetting_start = .
 *(.OptionSetting)
 .OptionSetting
                0x00000400       0x3c ./generate/Device/system_RE01_256KB.o
 *(.OptionSetting.*)
                0x0000043c                __OptionSetting_end = .
                0x0000053c                . = (. + 0x100)
 *fill*         0x0000043c      0x100 ff
 *(EXCLUDE_FILE(*\libc.a:* *\libgcc.a:* *pin.o) .text*)
 .text.startup.main
                0x0000053c        0x4 ./src/renesas_ai.o
                0x0000053c                main
 .text.Default_Handler
                0x00000540        0x4 ./generate/Device/startup_RE01_256KB.o
                0x00000540                DebugMon_Handler
                0x00000540                IEL10_IRQHandler
                0x00000540                IEL24_IRQHandler
                0x00000540                IEL2_IRQHandler
                0x00000540                HardFault_Handler
                0x00000540                SysTick_Handler
                0x00000540                PendSV_Handler
                0x00000540                NMI_Handler
                0x00000540                IEL19_IRQHandler
                0x00000540                IEL3_IRQHandler
                0x00000540                IEL21_IRQHandler
                0x00000540                IEL15_IRQHandler
                0x00000540                UsageFault_Handler
                0x00000540                IEL17_IRQHandler
                0x00000540                IEL1_IRQHandler
                0x00000540                IEL16_IRQHandler
                0x00000540                IEL11_IRQHandler
                0x00000540                IEL0_IRQHandler
                0x00000540                IEL25_IRQHandler
                0x00000540                IEL7_IRQHandler
                0x00000540                Default_Handler
                0x00000540                IEL22_IRQHandler
                0x00000540                IEL28_IRQHandler
                0x00000540                IEL27_IRQHandler
                0x00000540                IEL8_IRQHandler
                0x00000540                IEL26_IRQHandler
                0x00000540                IEL4_IRQHandler
                0x00000540                MemManage_Handler
                0x00000540                SVC_Handler
                0x00000540                IEL18_IRQHandler
                0x00000540                IEL23_IRQHandler
                0x00000540                IEL30_IRQHandler
                0x00000540                IEL13_IRQHandler
                0x00000540                IEL31_IRQHandler
                0x00000540                IEL12_IRQHandler
                0x00000540                IEL14_IRQHandler
                0x00000540                IEL5_IRQHandler
                0x00000540                IEL9_IRQHandler
                0x00000540                BusFault_Handler
                0x00000540                IEL20_IRQHandler
                0x00000540                IEL6_IRQHandler
                0x00000540                IEL29_IRQHandler
 .text.Reset_Handler
                0x00000544       0x40 ./generate/Device/startup_RE01_256KB.o
                0x00000544                Reset_Handler
 .text.core_software_delay_loop
                0x00000584        0x8 ./generate/Device/system_RE01_256KB.o
 .text.SystemInit
                0x0000058c       0xb4 ./generate/Device/system_RE01_256KB.o
                0x0000058c                SystemInit
 .text.SystemInit.__stub
                0x00000640       0x20 linker stubs
 *(.version)
 *(.init)
 *(.fini)
 *crtbegin.o(.ctors)
 *crtbegin?.o(.ctors)
 *(EXCLUDE_FILE(*crtend.o *crtend?.o) .ctors)
 *(SORT_BY_NAME(.ctors.*))
 *(.ctors)
 *crtbegin.o(.dtors)
 *crtbegin?.o(.dtors)
 *(EXCLUDE_FILE(*crtend.o *crtend?.o) .dtors)
 *(SORT_BY_NAME(.dtors.*))
 *(.dtors)
 *(EXCLUDE_FILE(*\libc.a:* *\libgcc.a:* *pin.o) .rodata*)
                0x00000660                __ROM_End = .
                0x000000c0                __Vectors_Size = (__Vectors_End - __Vectors_Start)

.glue_7         0x00000660        0x0
 .glue_7        0x00000660        0x0 linker stubs

.glue_7t        0x00000660        0x0
 .glue_7t       0x00000660        0x0 linker stubs

.vfp11_veneer   0x00000660        0x0
 .vfp11_veneer  0x00000660        0x0 linker stubs

.v4_bx          0x00000660        0x0
 .v4_bx         0x00000660        0x0 linker stubs

.iplt           0x00000660        0x0
 .iplt          0x00000660        0x0 ./generate/Device/startup_RE01_256KB.o

.ARM.extab
 *(.ARM.extab* .gnu.linkonce.armextab.*)
                0x00000660                __exidx_start = .

.ARM.exidx
 *(.ARM.exidx* .gnu.linkonce.armexidx.*)
                0x00000660                __exidx_end = .
                0x00000660                __etext = .

.OptionSettingID
                0x0100a150       0x10
                0x0100a150                __OptionSettingID_start = .
 *(.OptionSettingID)
 .OptionSettingID
                0x0100a150       0x10 ./generate/Device/system_RE01_256KB.o
 *(.OptionSettingID.*)
                0x0100a160                __OptionSettingID_end = .

.OptionSettingAWS
                0x0100a164        0x4
                0x0100a164                __OptionSettingAWS_start = .
 *(.OptionSettingAWS)
 .OptionSettingAWS
                0x0100a164        0x4 ./generate/Device/system_RE01_256KB.o
 *(.OptionSettingAWS.*)
                0x0100a168                __OptionSettingAWS_end = .

.ramvect        0x20000400      0x400
                0x20000400                . = ALIGN (0x100)
                0x20000400                __ramvect_start = .
                0x20000800                . = (. + 0x400)
 *fill*         0x20000400      0x400 
                0x20000800                . = ALIGN (0x4)

.data           0x20000800        0x0 load address 0x00000660
                0x20000800                __data_start__ = .
 *(.data.*)
                0x20000800                . = ALIGN (0x4)
                [!provide]                PROVIDE (__preinit_array_start = .)
 *(.preinit_array)
                [!provide]                PROVIDE (__preinit_array_end = .)
                0x20000800                . = ALIGN (0x4)
                [!provide]                PROVIDE (__init_array_start = .)
 *(SORT_BY_NAME(.init_array.*))
 *(.init_array)
                [!provide]                PROVIDE (__init_array_end = .)
                0x20000800                . = ALIGN (0x4)
                [!provide]                PROVIDE (__fini_array_start = .)
 *(SORT_BY_NAME(.fini_array.*))
 *(.fini_array)
                [!provide]                PROVIDE (__fini_array_end = .)
 *(.jcr*)
                0x20000800                . = ALIGN (0x4)
                0x20000800                __data_end__ = .

.igot.plt       0x20000800        0x0 load address 0x00000660
 .igot.plt      0x20000800        0x0 ./generate/Device/startup_RE01_256KB.o

.ramfunc        0x20000800        0x0 load address 0x00000660
                0x20000800                __ramfunc_start = .
 *(.ramfunc*)
                0x20000800                . = ALIGN (0x4)
                0x20000800                __ramfunc_end = .
                0x00000660                __ramfunc_init_start = LOADADDR (.ramfunc)

.ehc_ramfunc    0x20000800        0x0 load address 0x00000660
                0x20000800                __ehc_ramfunc_start = .
 *(.ehc_ramfunc*)
                0x20000800                . = ALIGN (0x4)
                0x20000800                __ehc_ramfunc_end = .
                0x00000660                __ehc_ramfunc_init_start = LOADADDR (.ehc_ramfunc)

.ramdata        0x20000800        0x0 load address 0x00000660
                0x20000800                __ramdata_start = .
 *(.ramdata*)
                0x20000800                . = ALIGN (0x4)
                0x20000800                __ramdata_end = .
                0x00000660                __ramdata_init_start = LOADADDR (.ramdata)

.ramobj         0x20000800      0x14c load address 0x00000660
                0x20000800                __ramobj_start = .
 *(.ramobj*)
 *pin.o(.text* .rodata*)
 *\libgcc.a:*(.text* .rodata*)
 *\libc.a:*(.text* .rodata*)
 .text          0x20000800        0x0 c:/program files (x86)/gnu arm embedded toolchain/10 2021.10/bin/../lib/gcc/arm-none-eabi/10.3.1/../../../../arm-none-eabi/lib/thumb/v6-m/nofp\libc.a(lib_a-memcpy-stub.o)
 .text.memcpy   0x20000800       0xa4 c:/program files (x86)/gnu arm embedded toolchain/10 2021.10/bin/../lib/gcc/arm-none-eabi/10.3.1/../../../../arm-none-eabi/lib/thumb/v6-m/nofp\libc.a(lib_a-memcpy-stub.o)
                0x20000800                memcpy
 .text          0x200008a4        0x0 c:/program files (x86)/gnu arm embedded toolchain/10 2021.10/bin/../lib/gcc/arm-none-eabi/10.3.1/../../../../arm-none-eabi/lib/thumb/v6-m/nofp\libc.a(lib_a-memset.o)
 .text.memset   0x200008a4       0xa8 c:/program files (x86)/gnu arm embedded toolchain/10 2021.10/bin/../lib/gcc/arm-none-eabi/10.3.1/../../../../arm-none-eabi/lib/thumb/v6-m/nofp\libc.a(lib_a-memset.o)
                0x200008a4                memset
                0x2000094c                . = ALIGN (0x4)
                0x2000094c                __ramobj_end = .
                0x00000660                __ramobj_init_start = LOADADDR (.ramobj)

.rel.dyn        0x2000094c        0x0 load address 0x000007ac
 .rel.iplt      0x2000094c        0x0 ./generate/Device/startup_RE01_256KB.o

.noinit         0x2000094c        0x0
                0x2000094c                . = ALIGN (0x4)
                0x2000094c                __noinit_start = .
 *(.noinit*)
                0x2000094c                __noinit_end = .

.bss            0x2000094c        0x0
                0x2000094c                . = ALIGN (0x4)
                0x2000094c                __bss_start__ = .
 *(.bss*)
 *(COMMON)
                0x2000094c                . = ALIGN (0x4)
                0x2000094c                __bss_end__ = .

.heap           0x2000094c        0x4
                0x20000950                . = ALIGN (0x8)
 *fill*         0x2000094c        0x4 
                0x20000950                __HeapBase = .
                0x20000950                __end__ = .
                0x20000950                end = __end__
 *(.heap*)
                0x20000950                __HeapLimit = .

.stack_dummy    0x20000950      0x400
                0x20000950                . = ALIGN (0x8)
                0x20000950                __StackLimit = .
 *(.stack*)
 .stack         0x20000950      0x400 ./generate/Device/startup_RE01_256KB.o
                0x20000950                g_main_stack
                0x20000d50                __StackTop = .
                [!provide]                PROVIDE (__stack = __StackTop)

.qspi_flash     0x60000000        0x0
                0x60000000                __qspi_flash_start__ = .
 *(.qspi_flash*)
                0x60000000                __qspi_flash_end__ = .
                0x00000000                __qspi_flash_code_size__ = (__qspi_flash_end__ - __qspi_flash_start__)
                0x00000660                __qspi_flash_code_addr__ = (__etext + (__data_end__ - __data_start__))

.qspi_non_retentive
                0x60000000        0x0 load address 0x00000660
                0x60000000                __qspi_non_retentive_start__ = .
 *(.qspi_non_retentive*)
                0x60000000                __qspi_non_retentive_end__ = .
                0x00000000                __qspi_non_retentive_size__ = (__qspi_non_retentive_end__ - __qspi_non_retentive_start__)
                0x08000000                __qspi_region_max_size__ = 0x8000000
                0x60000000                __qspi_region_start_address__ = __qspi_flash_start__
                0x68000000                __qspi_region_end_address__ = (__qspi_flash_start__ + __qspi_region_max_size__)
OUTPUT(renesas_ai.elf elf32-littlearm)
LOAD linker stubs

.debug_info     0x00000000     0x1fab
 .debug_info    0x00000000       0x82 ./src/renesas_ai.o
 .debug_info    0x00000082      0x257 ./generate/Device/startup_RE01_256KB.o
 .debug_info    0x000002d9     0x1cd2 ./generate/Device/system_RE01_256KB.o

.debug_abbrev   0x00000000      0x432
 .debug_abbrev  0x00000000       0x46 ./src/renesas_ai.o
 .debug_abbrev  0x00000046      0x178 ./generate/Device/startup_RE01_256KB.o
 .debug_abbrev  0x000001be      0x274 ./generate/Device/system_RE01_256KB.o

.debug_aranges  0x00000000       0x78
 .debug_aranges
                0x00000000       0x20 ./src/renesas_ai.o
 .debug_aranges
                0x00000020       0x28 ./generate/Device/startup_RE01_256KB.o
 .debug_aranges
                0x00000048       0x30 ./generate/Device/system_RE01_256KB.o

.debug_ranges   0x00000000       0x98
 .debug_ranges  0x00000000       0x10 ./src/renesas_ai.o
 .debug_ranges  0x00000010       0x18 ./generate/Device/startup_RE01_256KB.o
 .debug_ranges  0x00000028       0x70 ./generate/Device/system_RE01_256KB.o

.debug_line     0x00000000      0x508
 .debug_line    0x00000000       0x58 ./src/renesas_ai.o
 .debug_line    0x00000058      0x1a9 ./generate/Device/startup_RE01_256KB.o
 .debug_line    0x00000201      0x307 ./generate/Device/system_RE01_256KB.o

.debug_str      0x00000000      0xdaa
 .debug_str     0x00000000      0x19d ./src/renesas_ai.o
                                0x1d1 (size before relaxing)
 .debug_str     0x0000019d      0x123 ./generate/Device/startup_RE01_256KB.o
                                0x2ff (size before relaxing)
 .debug_str     0x000002c0      0xaea ./generate/Device/system_RE01_256KB.o
                                0xcf6 (size before relaxing)

.comment        0x00000000       0x49
 .comment       0x00000000       0x49 ./src/renesas_ai.o
                                 0x4a (size before relaxing)
 .comment       0x00000049       0x4a ./generate/Device/startup_RE01_256KB.o
 .comment       0x00000049       0x4a ./generate/Device/system_RE01_256KB.o

.ARM.attributes
                0x00000000       0x2c
 .ARM.attributes
                0x00000000       0x2c ./src/renesas_ai.o
 .ARM.attributes
                0x0000002c       0x2c ./generate/Device/startup_RE01_256KB.o
 .ARM.attributes
                0x00000058       0x2c ./generate/Device/system_RE01_256KB.o
 .ARM.attributes
                0x00000084       0x2c c:/program files (x86)/gnu arm embedded toolchain/10 2021.10/bin/../lib/gcc/arm-none-eabi/10.3.1/../../../../arm-none-eabi/lib/thumb/v6-m/nofp\libc.a(lib_a-memcpy-stub.o)
 .ARM.attributes
                0x000000b0       0x2c c:/program files (x86)/gnu arm embedded toolchain/10 2021.10/bin/../lib/gcc/arm-none-eabi/10.3.1/../../../../arm-none-eabi/lib/thumb/v6-m/nofp\libc.a(lib_a-memset.o)

.debug_frame    0x00000000      0x108
 .debug_frame   0x00000000       0x20 ./src/renesas_ai.o
 .debug_frame   0x00000020       0x38 ./generate/Device/startup_RE01_256KB.o
 .debug_frame   0x00000058       0x4c ./generate/Device/system_RE01_256KB.o
 .debug_frame   0x000000a4       0x34 c:/program files (x86)/gnu arm embedded toolchain/10 2021.10/bin/../lib/gcc/arm-none-eabi/10.3.1/../../../../arm-none-eabi/lib/thumb/v6-m/nofp\libc.a(lib_a-memcpy-stub.o)
 .debug_frame   0x000000d8       0x30 c:/program files (x86)/gnu arm embedded toolchain/10 2021.10/bin/../lib/gcc/arm-none-eabi/10.3.1/../../../../arm-none-eabi/lib/thumb/v6-m/nofp\libc.a(lib_a-memset.o)

.debug_loc      0x00000000       0x69
 .debug_loc     0x00000000       0x38 ./generate/Device/startup_RE01_256KB.o
 .debug_loc     0x00000038       0x31 ./generate/Device/system_RE01_256KB.o
